// Jest Snapshot v1, https://goo.gl/fbAQLP

exports[`Navbar renders correctly 1`] = `
<nav
  className="navBar"
  data-testid="navbar"
>
  <ul
    className="menuNav"
  >
    <li>
      <a
        activeClassName="active-link"
        aria-current="page"
        className="active"
        exact={true}
        href="/"
        onClick={[Function]}
      >
        Home
      </a>
    </li>
    <li>
      <a
        activeClassName="active-link"
        className=""
        exact={true}
        href="/Calculator"
        onClick={[Function]}
      >
        Calculator
      </a>
    </li>
    <li>
      <a
        activeClassName="active-link"
        className=""
        exact={true}
        href="/Quote"
        onClick={[Function]}
      >
        Quote
      </a>
    </li>
  </ul>
</nav>
`;
